<html>
<body>
<pre>
<h1>µVision Build Log</h1>
<h2>Tool Versions:</h2>
IDE-Version: µVision V5.33.0.0
Copyright (C) 2020 ARM Ltd and ARM Germany GmbH. All rights reserved.
License Information: Melike Doðru, Non, LIC=----
 
Tool Versions:
Toolchain:       MDK-Lite  Version: 5.33.0.0
Toolchain Path:  C:\Keil_v5\ARM\ARMCC\Bin
C Compiler:      Armcc.exe V5.06 update 7 (build 960)
Assembler:       Armasm.exe V5.06 update 7 (build 960)
Linker/Locator:  ArmLink.exe V5.06 update 7 (build 960)
Library Manager: ArmAr.exe V5.06 update 7 (build 960)
Hex Converter:   FromElf.exe V5.06 update 7 (build 960)
CPU DLL:         SARMCM3.DLL V5.33.0.0
Dialog DLL:      DARMSTM.DLL V1.68.0.0
Target DLL:      STLink\ST-LINKIII-KEIL_SWO.dll V3.0.8.0
Dialog DLL:      TCM.DLL V1.48.0.0
 
<h2>Project:</h2>
C:\Users\life\Documents\PROJECT\KEIL\Embedded-Systems-Project\Project_v1\MDK-ARM\Project_v1.uvprojx
Project File Date:  06/15/2021

<h2>Output:</h2>
*** Using Compiler 'V5.06 update 7 (build 960)', folder: 'C:\Keil_v5\ARM\ARMCC\Bin'
Rebuild target 'Project_v1'
assembling startup_stm32f103x6.s...
compiling stm32f1xx_it.c...
compiling LCD.c...
LCD.h(37): warning:  #1-D: last line of file ends without a newline
  void lcd_line2(void);
LCD.c: 1 warning, 0 errors
compiling main.c...
../Core/Src/../../Drivers/TC72_mesu/hal_tc72.h(20): warning:  #1-D: last line of file ends without a newline
  #endif /* __STM32F1xx_HAL_FLASH_H */
..\MDK-ARM\LCD.h(37): warning:  #1-D: last line of file ends without a newline
  void lcd_line2(void);
../Core/Src/main.c(122): warning:  #177-D: variable "k"  was declared but never referenced
  	uint8_t k;
../Core/Src/main.c(123): warning:  #177-D: variable "ad1"  was declared but never referenced
  	uint32_t ad1, ad2;
../Core/Src/main.c(123): warning:  #177-D: variable "ad2"  was declared but never referenced
  	uint32_t ad1, ad2;
../Core/Src/main.c(158): warning:  #177-D: variable "i"  was declared but never referenced
   int i=0;
../Core/Src/main.c(199): warning:  #177-D: variable "n"  was declared but never referenced
  	uint8_t n = 10;
../Core/Src/main.c(205): warning:  #177-D: variable "predictionx"  was declared but never referenced
  	uint8_t predictionx;
../Core/Src/main.c: 8 warnings, 0 errors
compiling stm32f1xx_hal_gpio_ex.c...
compiling stm32f1xx_hal_msp.c...
compiling stm32f1xx_hal_adc.c...
compiling stm32f1xx_hal.c...
compiling stm32f1xx_hal_adc_ex.c...
compiling stm32f1xx_hal_rcc.c...
compiling stm32f1xx_hal_gpio.c...
compiling stm32f1xx_hal_rcc_ex.c...
compiling stm32f1xx_hal_dma.c...
compiling stm32f1xx_hal_cortex.c...
compiling stm32f1xx_hal_flash.c...
compiling stm32f1xx_hal_pwr.c...
compiling stm32f1xx_hal_exti.c...
compiling stm32f1xx_hal_flash_ex.c...
compiling stm32f1xx_hal_spi.c...
compiling stm32f1xx_hal_tim.c...
compiling stm32f1xx_hal_tim_ex.c...
compiling stm32f1xx_hal_uart.c...
compiling system_stm32f1xx.c...
linking...
Program Size: Code=14320 RO-data=404 RW-data=24 ZI-data=1296  
FromELF: creating hex file...
"Project_v1\Project_v1.axf" - 0 Error(s), 9 Warning(s).

<h2>Software Packages used:</h2>

Package Vendor: ARM
                http://www.keil.com/pack/ARM.CMSIS.5.7.0.pack
                ARM.CMSIS.5.7.0
                CMSIS (Cortex Microcontroller Software Interface Standard)
   * Component: CORE Version: 5.4.0

Package Vendor: Keil
                http://www.keil.com/pack/Keil.STM32F1xx_DFP.2.3.0.pack
                Keil.STM32F1xx_DFP.2.3.0
                STMicroelectronics STM32F1 Series Device Support, Drivers and Examples

<h2>Collection of Component include folders:</h2>
  .\RTE\_Project_v1
  C:\Users\life\AppData\Local\Arm\Packs\ARM\CMSIS\5.7.0\CMSIS\Core\Include
  C:\Users\life\AppData\Local\Arm\Packs\Keil\STM32F1xx_DFP\2.3.0\Device\Include

<h2>Collection of Component Files used:</h2>

   * Component: ARM::CMSIS:CORE:5.4.0
      Include file:  CMSIS\Core\Include\tz_context.h
Build Time Elapsed:  00:00:21
</pre>
</body>
</html>
